
  .   ____          _            __ _ _
 /\\ / ___'_ __ _ _(_)_ __  __ _ \ \ \ \
( ( )\___ | '_ | '_| | '_ \/ _` | \ \ \ \
 \\/  ___)| |_)| | | | | || (_| |  ) ) ) )
  '  |____| .__|_| |_|_| |_\__, | / / / /
 =========|_|==============|___/=/_/_/_/
 :: Spring Boot ::                (v3.2.5)

2026-09-29T20:45:29.316+08:00  INFO 131196 --- [novel] [           main] com.example.novel.NovelApplication       : Starting NovelApplication v0.0.1-SNAPSHOT using Java 21.0.8 with PID 131196 (D:\test\p01\metagpt\output\target\novel-0.0.1-SNAPSHOT.jar started by KKK in D:\test\p01\metagpt\output)
2026-09-29T20:45:29.318+08:00 DEBUG 131196 --- [novel] [           main] com.example.novel.NovelApplication       : Running with Spring Boot v3.2.5, Spring v6.1.6
2026-09-29T20:45:29.320+08:00  INFO 131196 --- [novel] [           main] com.example.novel.NovelApplication       : No active profile set, falling back to 1 default profile: "default"
2026-09-29T20:45:30.396+08:00  INFO 131196 --- [novel] [           main] .s.d.r.c.RepositoryConfigurationDelegate : Bootstrapping Spring Data JPA repositories in DEFAULT mode.
2026-09-29T20:45:30.469+08:00  INFO 131196 --- [novel] [           main] .s.d.r.c.RepositoryConfigurationDelegate : Finished Spring Data repository scanning in 63 ms. Found 4 JPA repository interfaces.
2026-09-29T20:45:31.213+08:00  INFO 131196 --- [novel] [           main] o.s.b.w.embedded.tomcat.TomcatWebServer  : Tomcat initialized with port 8080 (http)
2026-09-29T20:45:31.226+08:00  INFO 131196 --- [novel] [           main] o.apache.catalina.core.StandardService   : Starting service [Tomcat]
2026-09-29T20:45:31.226+08:00  INFO 131196 --- [novel] [           main] o.apache.catalina.core.StandardEngine    : Starting Servlet engine: [Apache Tomcat/10.1.20]
2026-09-29T20:45:31.269+08:00  INFO 131196 --- [novel] [           main] o.a.c.c.C.[Tomcat].[localhost].[/]       : Initializing Spring embedded WebApplicationContext
2026-09-29T20:45:31.270+08:00  INFO 131196 --- [novel] [           main] w.s.c.ServletWebServerApplicationContext : Root WebApplicationContext: initialization completed in 1862 ms
2026-09-29T20:45:31.312+08:00  INFO 131196 --- [novel] [           main] com.zaxxer.hikari.HikariDataSource       : HikariPool-1 - Starting...
2026-09-29T20:45:31.593+08:00  INFO 131196 --- [novel] [           main] com.zaxxer.hikari.pool.HikariPool        : HikariPool-1 - Added connection conn0: url=jdbc:h2:mem:noveldb user=SA
2026-09-29T20:45:31.596+08:00  INFO 131196 --- [novel] [           main] com.zaxxer.hikari.HikariDataSource       : HikariPool-1 - Start completed.
2026-09-29T20:45:31.607+08:00  INFO 131196 --- [novel] [           main] o.s.b.a.h2.H2ConsoleAutoConfiguration    : H2 console available at '/h2-console'. Database available at 'jdbc:h2:mem:noveldb'
2026-09-29T20:45:31.770+08:00  INFO 131196 --- [novel] [           main] o.hibernate.jpa.internal.util.LogHelper  : HHH000204: Processing PersistenceUnitInfo [name: default]
2026-09-29T20:45:31.850+08:00  INFO 131196 --- [novel] [           main] org.hibernate.Version                    : HHH000412: Hibernate ORM core version 6.4.4.Final
2026-09-29T20:45:31.892+08:00  INFO 131196 --- [novel] [           main] o.h.c.internal.RegionFactoryInitiator    : HHH000026: Second-level cache disabled
2026-09-29T20:45:32.171+08:00  INFO 131196 --- [novel] [           main] o.s.o.j.p.SpringPersistenceUnitInfo      : No LoadTimeWeaver setup: ignoring JPA class transformer
2026-09-29T20:45:33.211+08:00  INFO 131196 --- [novel] [           main] o.h.e.t.j.p.i.JtaPlatformInitiator       : HHH000489: No JTA platform available (set 'hibernate.transaction.jta.platform' to enable JTA platform integration)
2026-09-29T20:45:33.299+08:00  INFO 131196 --- [novel] [           main] j.LocalContainerEntityManagerFactoryBean : Initialized JPA EntityManagerFactory for persistence unit 'default'
2026-09-29T20:45:33.853+08:00  WARN 131196 --- [novel] [           main] JpaBaseConfiguration$JpaWebConfiguration : spring.jpa.open-in-view is enabled by default. Therefore, database queries may be performed during view rendering. Explicitly configure spring.jpa.open-in-view to disable this warning
2026-09-29T20:45:34.059+08:00  INFO 131196 --- [novel] [           main] o.s.b.a.w.s.WelcomePageHandlerMapping    : Adding welcome page template: index
2026-09-29T20:45:34.222+08:00  INFO 131196 --- [novel] [           main] o.s.s.web.DefaultSecurityFilterChain     : Will secure any request with [org.springframework.security.web.session.DisableEncodeUrlFilter@5ce1ec7, org.springframework.security.web.context.request.async.WebAsyncManagerIntegrationFilter@627cb3ed, org.springframework.security.web.context.SecurityContextHolderFilter@44ba9f25, org.springframework.security.web.header.HeaderWriterFilter@3531509c, org.springframework.web.filter.CorsFilter@30bd6bc8, org.springframework.security.web.authentication.logout.LogoutFilter@2d398cfb, org.springframework.security.web.authentication.UsernamePasswordAuthenticationFilter@7afac89a, org.springframework.security.web.savedrequest.RequestCacheAwareFilter@6e5df971, org.springframework.security.web.servletapi.SecurityContextHolderAwareRequestFilter@3c7787a7, org.springframework.security.web.authentication.AnonymousAuthenticationFilter@7c4697fc, org.springframework.security.web.session.SessionManagementFilter@4f2b1a2f, org.springframework.security.web.access.ExceptionTranslationFilter@7bf2e475, org.springframework.security.web.access.intercept.AuthorizationFilter@4ee80a94]
2026-09-29T20:45:34.530+08:00  INFO 131196 --- [novel] [           main] o.s.b.w.embedded.tomcat.TomcatWebServer  : Tomcat started on port 8080 (http) with context path ''
2026-09-29T20:45:34.551+08:00  INFO 131196 --- [novel] [           main] com.example.novel.NovelApplication       : Started NovelApplication in 5.802 seconds (process running for 6.386)
2026-09-29T20:45:34.713+08:00  INFO 131196 --- [novel] [           main] c.example.novel.config.DataInitializer   : DataInitializer: 开始初始化示例数据...
2026-09-29T20:45:34.888+08:00  INFO 131196 --- [novel] [           main] c.example.novel.config.DataInitializer   :   ✓ 用户: admin / test (密码均为 123456, 已 BCrypt 加密)
2026-09-29T20:45:35.102+08:00  INFO 131196 --- [novel] [           main] c.example.novel.config.DataInitializer   : DataInitializer: 完成 ✓  共 2 用户 / 3 小说 / 9 章节
2026-09-29T20:47:23.482+08:00  INFO 131196 --- [novel] [nio-8080-exec-1] o.a.c.c.C.[Tomcat].[localhost].[/]       : Initializing Spring DispatcherServlet 'dispatcherServlet'
2026-09-29T20:47:23.482+08:00  INFO 131196 --- [novel] [nio-8080-exec-1] o.s.web.servlet.DispatcherServlet        : Initializing Servlet 'dispatcherServlet'
2026-09-29T20:47:23.483+08:00  INFO 131196 --- [novel] [nio-8080-exec-1] o.s.web.servlet.DispatcherServlet        : Completed initialization in 1 ms
